// Jest Snapshot v1, https://goo.gl/fbAQLP

exports[`create-a-project creates a new project 1`] = `
Array [
  Array [
    Object {
      "body": "My amazing project board description.",
      "name": "My Fantastic Project Board",
      "owner": "max",
      "repo": "waddup",
    },
  ],
]
`;
